22:06:32 **** Incremental Build of configuration Debug for project 012SVCNumber ****
make -j12 all 
arm-none-eabi-gcc "../Src/main.c" -mcpu=cortex-m4 -std=gnu11 -g3 -DDEBUG -DSTM32 -DSTM32F4 -DSTM32F446RETx -DNUCLEO_F446RE -c -I../Inc -O0 -ffunction-sections -fdata-sections -Wall -fstack-usage -MMD -MP -MF"Src/main.d" -MT"Src/main.o" --specs=nano.specs -mfpu=fpv4-sp-d16 -mfloat-abi=hard -mthumb -o "Src/main.o"
../Src/main.c:23:4: warning: #warning "FPU is not initialized, but the project is compiling for an FPU. Please initialize the FPU before use." [-Wcpp]
   23 |   #warning "FPU is not initialized, but the project is compiling for an FPU. Please initialize the FPU before use."
      |    ^~~~~~~
arm-none-eabi-gcc -o "012SVCNumber.elf" @"objects.list"   -mcpu=cortex-m4 -T"/home/fahmad/GitHub/nucleo-f446re/cortexM4/012SVCNumber/STM32F446RETX_FLASH.ld" --specs=nosys.specs -Wl,-Map="012SVCNumber.map" -Wl,--gc-sections -static --specs=nano.specs -mfpu=fpv4-sp-d16 -mfloat-abi=hard -mthumb -Wl,--start-group -lc -lm -Wl,--end-group
Finished building target: 012SVCNumber.elf
 
arm-none-eabi-size   012SVCNumber.elf 
arm-none-eabi-objdump -h -S  012SVCNumber.elf  > "012SVCNumber.list"
   text	   data	    bss	    dec	    hex	filename
   5740	    108	   1588	   7436	   1d0c	012SVCNumber.elf
Finished building: default.size.stdout
 
Finished building: 012SVCNumber.list
 

22:06:32 Build Finished. 0 errors, 1 warnings. (took 343ms)

