19:58:39 **** Incremental Build of configuration Debug for project 014TaskScheduler ****
make -j12 all 
arm-none-eabi-gcc "../Src/main.c" -mcpu=cortex-m4 -std=gnu11 -g3 -DDEBUG -DSTM32 -DSTM32F4 -DSTM32F446RETx -DNUCLEO_F446RE -c -I../Inc -O0 -ffunction-sections -fdata-sections -Wall -fstack-usage -MMD -MP -MF"Src/main.d" -MT"Src/main.o" --specs=nano.specs -mfpu=fpv4-sp-d16 -mfloat-abi=hard -mthumb -o "Src/main.o"
../Src/main.c:26:4: warning: #warning "FPU is not initialized, but the project is compiling for an FPU. Please initialize the FPU before use." [-Wcpp]
   26 |   #warning "FPU is not initialized, but the project is compiling for an FPU. Please initialize the FPU before use."
      |    ^~~~~~~
arm-none-eabi-gcc -o "014TaskScheduler.elf" @"objects.list"   -mcpu=cortex-m4 -T"/home/fahmad/GitHub/nucleo-f446re/cortexM4/014TaskScheduler/STM32F446RETX_FLASH.ld" --specs=nosys.specs -Wl,-Map="014TaskScheduler.map" -Wl,--gc-sections -static --specs=nano.specs -mfpu=fpv4-sp-d16 -mfloat-abi=hard -mthumb -Wl,--start-group -lc -lm -Wl,--end-group
Finished building target: 014TaskScheduler.elf
 
arm-none-eabi-size   014TaskScheduler.elf 
arm-none-eabi-objdump -h -S  014TaskScheduler.elf  > "014TaskScheduler.list"
   text	   data	    bss	    dec	    hex	filename
   5416	    112	   1672	   7200	   1c20	014TaskScheduler.elf
Finished building: default.size.stdout
 
Finished building: 014TaskScheduler.list
 
19:58:46 **** Incremental Build of configuration Debug for project 014TaskScheduler ****
make -j12 all 
arm-none-eabi-size   014TaskScheduler.elf 
   text	   data	    bss	    dec	    hex	filename
   5416	    112	   1672	   7200	   1c20	014TaskScheduler.elf
Finished building: default.size.stdout
 
