19:47:28 **** Incremental Build of configuration Debug for project 002HolaMundoSemiHosting ****
make -j12 all 
arm-none-eabi-gcc -mcpu=cortex-m4 -g3 -DDEBUG -c -x assembler-with-cpp -MMD -MP -MF"Startup/startup_stm32f446retx.d" -MT"Startup/startup_stm32f446retx.o" --specs=nano.specs -mfpu=fpv4-sp-d16 -mfloat-abi=hard -mthumb -o "Startup/startup_stm32f446retx.o" "../Startup/startup_stm32f446retx.s"
arm-none-eabi-gcc "../Src/main.c" -mcpu=cortex-m4 -std=gnu11 -g3 -DDEBUG -DSTM32 -DSTM32F4 -DSTM32F446RETx -DNUCLEO_F446RE -c -I../Inc -O0 -ffunction-sections -fdata-sections -Wall -fstack-usage -MMD -MP -MF"Src/main.d" -MT"Src/main.o" --specs=nano.specs -mfpu=fpv4-sp-d16 -mfloat-abi=hard -mthumb -o "Src/main.o"
arm-none-eabi-gcc "../Src/sysmem.c" -mcpu=cortex-m4 -std=gnu11 -g3 -DDEBUG -DSTM32 -DSTM32F4 -DSTM32F446RETx -DNUCLEO_F446RE -c -I../Inc -O0 -ffunction-sections -fdata-sections -Wall -fstack-usage -MMD -MP -MF"Src/sysmem.d" -MT"Src/sysmem.o" --specs=nano.specs -mfpu=fpv4-sp-d16 -mfloat-abi=hard -mthumb -o "Src/sysmem.o"
../Src/main.c:23:4: warning: #warning "FPU is not initialized, but the project is compiling for an FPU. Please initialize the FPU before use." [-Wcpp]
   23 |   #warning "FPU is not initialized, but the project is compiling for an FPU. Please initialize the FPU before use."
      |    ^~~~~~~
arm-none-eabi-gcc -o "002HolaMundoSemiHosting.elf" @"objects.list"   -mcpu=cortex-m4 -T"/home/fahmad/GitHub/nucleo-f446re/masteringMCU/002HolaMundoSemiHosting/STM32F446RETX_FLASH.ld" --specs=nosys.specs -Wl,-Map="002HolaMundoSemiHosting.map" -Wl,--gc-sections -static -specs=rdimon.specs -lc -lrdimon --specs=nano.specs -mfpu=fpv4-sp-d16 -mfloat-abi=hard -mthumb -Wl,--start-group -lc -lm -Wl,--end-group
Finished building target: 002HolaMundoSemiHosting.elf
 
arm-none-eabi-size   002HolaMundoSemiHosting.elf 
arm-none-eabi-objdump -h -S  002HolaMundoSemiHosting.elf  > "002HolaMundoSemiHosting.list"
   text	   data	    bss	    dec	    hex	filename
   4932	    116	   1756	   6804	   1a94	002HolaMundoSemiHosting.elf
Finished building: default.size.stdout
 
Finished building: 002HolaMundoSemiHosting.list
 

19:47:28 Build Finished. 0 errors, 1 warnings. (took 331ms)

