20:54:03 **** Incremental Build of configuration Debug for project 005PeriClockEnable ****
make -j12 all 
arm-none-eabi-gcc "../Src/main.c" -mcpu=cortex-m4 -std=gnu11 -g3 -DDEBUG -DSTM32 -DSTM32F4 -DSTM32F446RETx -DNUCLEO_F446RE -c -I../Inc -O0 -ffunction-sections -fdata-sections -Wall -fstack-usage -MMD -MP -MF"Src/main.d" -MT"Src/main.o" --specs=nano.specs -mfpu=fpv4-sp-d16 -mfloat-abi=hard -mthumb -o "Src/main.o"
../Src/main.c:22:4: warning: #warning "FPU is not initialized, but the project is compiling for an FPU. Please initialize the FPU before use." [-Wcpp]
   22 |   #warning "FPU is not initialized, but the project is compiling for an FPU. Please initialize the FPU before use."
      |    ^~~~~~~
arm-none-eabi-gcc -o "005PeriClockEnable.elf" @"objects.list"   -mcpu=cortex-m4 -T"/home/fahmad/GitHub/nucleo-f446re/masteringMCU/005PeriClockEnable/STM32F446RETX_FLASH.ld" --specs=nosys.specs -Wl,-Map="005PeriClockEnable.map" -Wl,--gc-sections -static --specs=nano.specs -mfpu=fpv4-sp-d16 -mfloat-abi=hard -mthumb -Wl,--start-group -lc -lm -Wl,--end-group
Finished building target: 005PeriClockEnable.elf
 
arm-none-eabi-size   005PeriClockEnable.elf 
arm-none-eabi-objdump -h -S  005PeriClockEnable.elf  > "005PeriClockEnable.list"
   text	   data	    bss	    dec	    hex	filename
    744	      8	   1568	   2320	    910	005PeriClockEnable.elf
Finished building: default.size.stdout
 
Finished building: 005PeriClockEnable.list
 

20:54:03 Build Finished. 0 errors, 1 warnings. (took 342ms)

