15:45:13 **** Incremental Build of configuration Debug for project 008Volatile ****
make -j12 all 
arm-none-eabi-gcc "../Src/main.c" -mcpu=cortex-m4 -std=gnu11 -g3 -DDEBUG -DSTM32 -DSTM32F4 -DSTM32F446RETx -DNUCLEO_F446RE -c -I../Inc -O0 -ffunction-sections -fdata-sections -Wall -fstack-usage -MMD -MP -MF"Src/main.d" -MT"Src/main.o" --specs=nano.specs -mfpu=fpv4-sp-d16 -mfloat-abi=hard -mthumb -o "Src/main.o"
../Src/main.c:22:4: warning: #warning "FPU is not initialized, but the project is compiling for an FPU. Please initialize the FPU before use." [-Wcpp]
   22 |   #warning "FPU is not initialized, but the project is compiling for an FPU. Please initialize the FPU before use."
      |    ^~~~~~~
arm-none-eabi-gcc -o "008Volatile.elf" @"objects.list"   -mcpu=cortex-m4 -T"/home/fahmad/GitHub/nucleo-f446re/masteringMCU/008Volatile/STM32F446RETX_FLASH.ld" --specs=nosys.specs -Wl,-Map="008Volatile.map" -Wl,--gc-sections -static --specs=nano.specs -mfpu=fpv4-sp-d16 -mfloat-abi=hard -mthumb -Wl,--start-group -lc -lm -Wl,--end-group
Finished building target: 008Volatile.elf
 
arm-none-eabi-size   008Volatile.elf 
arm-none-eabi-objdump -h -S  008Volatile.elf  > "008Volatile.list"
   text	   data	    bss	    dec	    hex	filename
    728	      8	   1568	   2304	    900	008Volatile.elf
Finished building: default.size.stdout
 
Finished building: 008Volatile.list
 

15:45:13 Build Finished. 0 errors, 1 warnings. (took 248ms)

