12:52:36 **** Incremental Build of configuration Debug for project stm32f4xx_drivers ****
make -j12 all 
arm-none-eabi-gcc "../Src/016rtc_lcd.c" -mcpu=cortex-m4 -std=gnu11 -g3 -DDEBUG -DSTM32 -DSTM32F4 -DSTM32F446RETx -DNUCLEO_F446RE -c -I../Inc -I"/home/fahmad/GitHub/nucleo-f446re/masteringMCU/stm32f4xx_drivers/bsp/Inc" -I"/home/fahmad/GitHub/nucleo-f446re/masteringMCU/stm32f4xx_drivers/drivers/Inc" -O0 -ffunction-sections -fdata-sections -Wall -fstack-usage -MMD -MP -MF"Src/016rtc_lcd.d" -MT"Src/016rtc_lcd.o" --specs=nano.specs -mfpu=fpv4-sp-d16 -mfloat-abi=soft -mthumb -o "Src/016rtc_lcd.o"
arm-none-eabi-gcc -o "stm32f4xx_drivers.elf" @"objects.list"   -mcpu=cortex-m4 -T"/home/fahmad/GitHub/nucleo-f446re/masteringMCU/stm32f4xx_drivers/STM32F446RETX_FLASH.ld" --specs=nosys.specs -Wl,-Map="stm32f4xx_drivers.map" -Wl,--gc-sections -static --specs=nano.specs -mfpu=fpv4-sp-d16 -mfloat-abi=soft -mthumb -Wl,--start-group -lc -lm -Wl,--end-group
Finished building target: stm32f4xx_drivers.elf
 
arm-none-eabi-size   stm32f4xx_drivers.elf 
arm-none-eabi-objdump -h -S  stm32f4xx_drivers.elf  > "stm32f4xx_drivers.list"
   text	   data	    bss	    dec	    hex	filename
  10096	    128	   1648	  11872	   2e60	stm32f4xx_drivers.elf
Finished building: default.size.stdout
 
Finished building: stm32f4xx_drivers.list
 
12:52:59 **** Incremental Build of configuration Debug for project stm32f4xx_drivers ****
make -j12 all 
arm-none-eabi-size   stm32f4xx_drivers.elf 
   text	   data	    bss	    dec	    hex	filename
  10096	    128	   1648	  11872	   2e60	stm32f4xx_drivers.elf
Finished building: default.size.stdout
 
